// Jest Snapshot v1, https://goo.gl/fbAQLP

exports[`Snapshot matches without clipboard 1`] = `
<span
  className="MuiTypography-root MuiTypography-body1 css-ahj2mt-MuiTypography-root"
/>
`;
