// Jest Snapshot v1, https://goo.gl/fbAQLP

exports[`Snapshot matches 1`] = `
<a
  href="#0"
  title="inlineSupportLink.title"
>
  inlineSupportLink.label
</a>
`;
