// Jest Snapshot v1, https://goo.gl/fbAQLP

exports[`Snapshot matches 1`] = `
<form
  className="MuiBox-root css-0"
  noValidate={true}
>
  Form fields
</form>
`;
