// Jest Snapshot v1, https://goo.gl/fbAQLP

exports[`Snapshot matches link 1`] = `
<a
  className="MuiTypography-root MuiTypography-inherit MuiLink-root MuiLink-underlineAlways css-6xddht-MuiTypography-root-MuiLink-root"
  href="/rotta-esempio"
  onBlur={[Function]}
  onClick={[Function]}
  onFocus={[Function]}
>
  Clicca qui
</a>
`;
