// Jest Snapshot v1, https://goo.gl/fbAQLP

exports[`Snapshot matches 1`] = `
<div
  className="MuiBox-root css-62igne"
>
  <div
    className="MuiBox-root css-70qvj9"
  >
    <div
      className="MuiBox-root css-14b8c80"
    >
      <input
        id="file"
        name="file"
        onChange={[Function]}
        style={
          Object {
            "height": "100%",
            "position": "absolute",
            "width": "100%",
          }
        }
        type="file"
      />
      <label
        className="MuiBox-root css-1dpt169"
        htmlFor="file"
      >
        <span
          className="MuiTypography-root MuiTypography-body2 css-10crab6-MuiTypography-root"
        >
          Test file input
        </span>
      </label>
    </div>
    <span
      className="MuiTypography-root MuiTypography-body2 css-e784if-MuiTypography-root"
    >
      fileSelectLabel
      :
       
      <span
        className="MuiTypography-root MuiTypography-inherit css-4xqp7s-MuiTypography-root"
      >
        noFileSelectedLabel
      </span>
    </span>
  </div>
</div>
`;
