// Jest Snapshot v1, https://goo.gl/fbAQLP

exports[`Snapshot matches 1`] = `
<div
  className="MuiBox-root css-0"
>
  <span
    className="MuiSkeleton-root MuiSkeleton-text MuiSkeleton-wave css-1dk1h2u-MuiSkeleton-root"
    style={
      Object {
        "height": 100,
        "width": undefined,
      }
    }
  />
  <span
    className="MuiSkeleton-root MuiSkeleton-text MuiSkeleton-wave css-1dk1h2u-MuiSkeleton-root"
    style={
      Object {
        "height": 100,
        "width": undefined,
      }
    }
  />
  <span
    className="MuiSkeleton-root MuiSkeleton-text MuiSkeleton-wave css-1dk1h2u-MuiSkeleton-root"
    style={
      Object {
        "height": 100,
        "width": undefined,
      }
    }
  />
  <span
    className="MuiSkeleton-root MuiSkeleton-text MuiSkeleton-wave css-1dk1h2u-MuiSkeleton-root"
    style={
      Object {
        "height": 100,
        "width": undefined,
      }
    }
  />
  <span
    className="MuiSkeleton-root MuiSkeleton-text MuiSkeleton-wave css-1dk1h2u-MuiSkeleton-root"
    style={
      Object {
        "height": 100,
        "width": undefined,
      }
    }
  />
</div>
`;
