// Jest Snapshot v1, https://goo.gl/fbAQLP

exports[`Snapshot matches 1`] = `
<div
  className="MuiBox-root css-8b00n4"
>
  <div
    className="MuiBox-root css-1h2t35s"
  >
    <div
      className="MuiBox-root css-fx7o8n"
    >
      <div
        className="MuiFormControl-root MuiTextField-root css-136h9lv-MuiFormControl-root-MuiTextField-root"
      >
        <label
          className="MuiInputLabel-root MuiInputLabel-formControl MuiInputLabel-animated MuiInputLabel-shrink MuiInputLabel-outlined MuiFormLabel-root MuiFormLabel-colorPrimary Mui-disabled css-1sumxir-MuiFormLabel-root-MuiInputLabel-root"
          data-shrink={true}
          htmlFor="prettyName"
          id="prettyName-label"
        >
          styledDeleteableDocument.prettyNameLabel
        </label>
        <div
          className="MuiOutlinedInput-root MuiInputBase-root MuiInputBase-colorPrimary Mui-disabled MuiInputBase-formControl MuiInputBase-adornedStart css-1q6at85-MuiInputBase-root-MuiOutlinedInput-root"
          onClick={[Function]}
        >
          <div
            className="MuiInputAdornment-root MuiInputAdornment-positionStart MuiInputAdornment-outlined MuiInputAdornment-sizeMedium css-ittuaa-MuiInputAdornment-root"
          >
            <span
              className="notranslate"
            >
              â€‹
            </span>
            <svg
              aria-hidden={true}
              className="MuiSvgIcon-root MuiSvgIcon-fontSizeSmall css-ptiqhd-MuiSvgIcon-root"
              data-testid="AttachFileIcon"
              focusable="false"
              viewBox="0 0 24 24"
            >
              <path
                d="M16.5 6v11.5c0 2.21-1.79 4-4 4s-4-1.79-4-4V5c0-1.38 1.12-2.5 2.5-2.5s2.5 1.12 2.5 2.5v10.5c0 .55-.45 1-1 1s-1-.45-1-1V6H10v9.5c0 1.38 1.12 2.5 2.5 2.5s2.5-1.12 2.5-2.5V5c0-2.21-1.79-4-4-4S7 2.79 7 5v12.5c0 3.04 2.46 5.5 5.5 5.5s5.5-2.46 5.5-5.5V6h-1.5z"
              />
            </svg>
          </div>
          <input
            aria-invalid={false}
            autoFocus={false}
            className="MuiOutlinedInput-input MuiInputBase-input Mui-disabled MuiInputBase-inputAdornedStart css-1o9s3wi-MuiInputBase-input-MuiOutlinedInput-input"
            disabled={true}
            id="prettyName"
            name="prettyName"
            onAnimationStart={[Function]}
            onBlur={[Function]}
            onChange={[Function]}
            onFocus={[Function]}
            required={false}
            rows={1}
            type="text"
          />
          <fieldset
            aria-hidden={true}
            className="MuiOutlinedInput-notchedOutline css-1d3z3hw-MuiOutlinedInput-notchedOutline"
          >
            <legend
              className="css-1in441m"
            >
              <span>
                styledDeleteableDocument.prettyNameLabel
              </span>
            </legend>
          </fieldset>
        </div>
      </div>
    </div>
  </div>
  <div
    className="MuiBox-root css-1qu43cj"
  >
    <button
      aria-label="styledDeleteableDocument.editDocumentName"
      aria-labelledby={null}
      className="MuiButton-root MuiButton-text MuiButton-textPrimary MuiButton-sizeMedium MuiButton-textSizeMedium MuiButtonBase-root  css-bsol4t-MuiButtonBase-root-MuiButton-root"
      data-mui-internal-clone-element={true}
      disabled={false}
      onBlur={[Function]}
      onClick={[Function]}
      onContextMenu={[Function]}
      onDragLeave={[Function]}
      onFocus={[Function]}
      onKeyDown={[Function]}
      onKeyUp={[Function]}
      onMouseDown={[Function]}
      onMouseLeave={[Function]}
      onMouseOver={[Function]}
      onMouseUp={[Function]}
      onTouchEnd={[Function]}
      onTouchMove={[Function]}
      onTouchStart={[Function]}
      tabIndex={0}
      type="button"
    >
      <svg
        aria-hidden={true}
        className="MuiSvgIcon-root MuiSvgIcon-fontSizeSmall css-ptiqhd-MuiSvgIcon-root"
        data-testid="ModeEditIcon"
        focusable="false"
        viewBox="0 0 24 24"
      >
        <path
          d="M3 17.25V21h3.75L17.81 9.94l-3.75-3.75L3 17.25zM20.71 7.04c.39-.39.39-1.02 0-1.41l-2.34-2.34a.9959.9959 0 0 0-1.41 0l-1.83 1.83 3.75 3.75 1.83-1.83z"
        />
      </svg>
      <span
        className="MuiTouchRipple-root css-8je8zh-MuiTouchRipple-root"
      />
    </button>
    <button
      aria-label="styledDeleteableDocument.deleteDocument"
      aria-labelledby={null}
      className="MuiButton-root MuiButton-text MuiButton-textPrimary MuiButton-sizeMedium MuiButton-textSizeMedium MuiButtonBase-root  css-1q3zsck-MuiButtonBase-root-MuiButton-root"
      data-mui-internal-clone-element={true}
      disabled={false}
      onBlur={[Function]}
      onClick={[Function]}
      onContextMenu={[Function]}
      onDragLeave={[Function]}
      onFocus={[Function]}
      onKeyDown={[Function]}
      onKeyUp={[Function]}
      onMouseDown={[Function]}
      onMouseLeave={[Function]}
      onMouseOver={[Function]}
      onMouseUp={[Function]}
      onTouchEnd={[Function]}
      onTouchMove={[Function]}
      onTouchStart={[Function]}
      tabIndex={0}
      type="button"
    >
      <svg
        aria-hidden={true}
        className="MuiSvgIcon-root MuiSvgIcon-fontSizeSmall css-ptiqhd-MuiSvgIcon-root"
        data-testid="DeleteIcon"
        focusable="false"
        viewBox="0 0 24 24"
      >
        <path
          d="M6 19c0 1.1.9 2 2 2h8c1.1 0 2-.9 2-2V7H6v12zM19 4h-3.5l-1-1h-5l-1 1H5v2h14V4z"
        />
      </svg>
      <span
        className="MuiTouchRipple-root css-8je8zh-MuiTouchRipple-root"
      />
    </button>
  </div>
</div>
`;
